(fileserver, ID: 0) INFO: Server is listening...
(yahav) INFO: Connected to server: 192.168.1.224
(fileserver, ID: 1) INFO: Client host connected: local
(fileserver, ID: 1) INFO: Connected by ('192.168.1.137', 61022)
(fileserver, ID: 1) DEBUG: Connecting to LDAP server: ldap://yahav.yahavfileserver.home
(fileserver, ID: 1) INFO: _______________NEW CONNECTION: yahav; COMMAND: REQUEST css; ID: 1______________
(fileserver, ID: 1) INFO: Successfully connected to LDAP server: ldap://yahav.yahavfileserver.home
(fileserver, ID: 1) DEBUG: Searching for client in LDAP server...
(fileserver, ID: 1) INFO: Client recognized in LDAP server
(fileserver, ID: 1) DEBUG: verifying permissions for client YAHAV...
(fileserver, ID: 1) DEBUG: Scanning for YAHAV's group membership...
(fileserver, ID: 1) DEBUG: YAHAV is a member of the Administrators security group
(fileserver, ID: 1) DEBUG: Initiating connection with DC for authorization...
(fileserver, ID: 1) CRITICAL: Failed to connect to DC
(fileserver, ID: 1) ERROR: Client not authorized to make request. Exiting.
(fileserver, ID: 1) DEBUG: server -> YAHAV: AUTHFAIL
(yahav) ERROR: Permission denied. Exiting.
(yahav) INFO: Connected to server: 192.168.1.224
(fileserver, ID: 2) INFO: Connected by ('192.168.1.137', 61030)
(fileserver, ID: 2) INFO: Client host connected: local.yahavfileserver.home
(fileserver, ID: 2) INFO: _______________NEW CONNECTION: yahav; COMMAND: REQUEST css; ID: 2______________
(fileserver, ID: 2) DEBUG: Connecting to LDAP server: ldap://yahav.yahavfileserver.home
(fileserver, ID: 2) INFO: Successfully connected to LDAP server: ldap://yahav.yahavfileserver.home
(fileserver, ID: 2) DEBUG: Searching for client in LDAP server...
(fileserver, ID: 2) INFO: Client recognized in LDAP server
(fileserver, ID: 2) DEBUG: verifying permissions for client YAHAV...
(fileserver, ID: 2) DEBUG: Scanning for YAHAV's group membership...
(fileserver, ID: 2) DEBUG: YAHAV is a member of the Administrators security group
(fileserver, ID: 2) DEBUG: Initiating connection with DC for authorization...
(fileserver, ID: 2) CRITICAL: Failed to connect to DC
(fileserver, ID: 2) ERROR: Client not authorized to make request. Exiting.
(yahav) ERROR: Permission denied. Exiting.
(fileserver, ID: 2) DEBUG: server -> YAHAV: AUTHFAIL
(DC) INFO: DC is listening...
(fileserver, ID: 3) INFO: Connected by ('192.168.1.137', 61050)
(yahav) INFO: Connected to server: 192.168.1.224
(fileserver, ID: 3) INFO: Client host connected: local
(fileserver, ID: 3) INFO: _______________NEW CONNECTION: yahav; COMMAND: REQUEST css; ID: 3______________
(fileserver, ID: 3) DEBUG: Connecting to LDAP server: ldap://yahav.yahavfileserver.home
(fileserver, ID: 3) INFO: Successfully connected to LDAP server: ldap://yahav.yahavfileserver.home
(fileserver, ID: 3) DEBUG: Searching for client in LDAP server...
(fileserver, ID: 3) INFO: Client recognized in LDAP server
(fileserver, ID: 3) DEBUG: verifying permissions for client YAHAV...
(fileserver, ID: 3) DEBUG: Scanning for YAHAV's group membership...
(fileserver, ID: 3) DEBUG: YAHAV is a member of the Administrators security group
(fileserver, ID: 3) DEBUG: Initiating connection with DC for authorization...
(DC) INFO: Connected by ('192.168.1.224', 57172)
(DC, ID: 3) INFO: Administrators has permissions 0xf01bf. Has read access: True, has write access: True.
(fileserver, ID: 3) DEBUG: Received message from DC: AUTHS
(fileserver, ID: 3) INFO: Client YAHAV is authorized.
(DC, ID: 3) INFO: Authentication concluded. Result: 1
(fileserver, ID: 3) DEBUG: server -> YAHAV: AUTHSUCCESS
(yahav) DEBUG: Received authorization from server
(fileserver, ID: 3) DEBUG: server -> YAHAV: READY
(yahav) DEBUG: Received message from server: READY
(yahav) DEBUG: Waiting for server search results...
(fileserver, ID: 3) DEBUG: Searching directory: /home/fileserver/server-code/../files. Search keyword is: css
(fileserver, ID: 3) INFO: Search for keyword css successful, server returned 10 options.
(fileserver, ID: 3) DEBUG: server -> YAHAV: OPTIONS
(yahav) DEBUG: Received message from server: OPTIONS
(yahav) DEBUG: Results received.
(yahav) DEBUG: Waiting for client choice...
(yahav) DEBUG: Client chose option #9
(yahav) DEBUG: Checking if result is a file or directory...
(yahav) DEBUG: Is a file
(fileserver, ID: 3) INFO: Zipped directory sent successfully
(yahav) INFO: File received successfully
(yahav) INFO: Connected to server: 192.168.1.224
(fileserver, ID: 4) INFO: Connected by ('192.168.1.137', 61063)
(fileserver, ID: 4) INFO: Client host connected: local.yahavfileserver.home
(fileserver, ID: 4) INFO: _______________NEW CONNECTION: yahav; COMMAND: REQUEST hello; ID: 4______________
(fileserver, ID: 4) DEBUG: Connecting to LDAP server: ldap://yahav.yahavfileserver.home
(fileserver, ID: 4) INFO: Successfully connected to LDAP server: ldap://yahav.yahavfileserver.home
(fileserver, ID: 4) DEBUG: Searching for client in LDAP server...
(fileserver, ID: 4) INFO: Client recognized in LDAP server
(fileserver, ID: 4) DEBUG: verifying permissions for client YAHAV...
(fileserver, ID: 4) DEBUG: Scanning for YAHAV's group membership...
(fileserver, ID: 4) DEBUG: YAHAV is a member of the Administrators security group
(fileserver, ID: 4) DEBUG: Initiating connection with DC for authorization...
(DC) INFO: Connected by ('192.168.1.224', 60668)
(DC, ID: 4) INFO: Administrators has permissions 0xf01bf. Has read access: True, has write access: True.
(DC, ID: 4) INFO: Authentication concluded. Result: 1
(fileserver, ID: 4) DEBUG: Received message from DC: AUTHS
(fileserver, ID: 4) INFO: Client YAHAV is authorized.
(fileserver, ID: 4) DEBUG: server -> YAHAV: AUTHSUCCESS
(yahav) DEBUG: Received authorization from server
(fileserver, ID: 4) DEBUG: server -> YAHAV: READY
(fileserver, ID: 4) DEBUG: Searching directory: /home/fileserver/server-code/../files. Search keyword is: hello
(yahav) DEBUG: Received message from server: READY
(yahav) DEBUG: Waiting for server search results...
(fileserver, ID: 4) INFO: Search for keyword hello successful, server returned 10 options.
(fileserver, ID: 4) DEBUG: server -> YAHAV: OPTIONS
(yahav) DEBUG: Received message from server: OPTIONS
(yahav) DEBUG: Results received.
(yahav) DEBUG: Waiting for client choice...
(yahav) DEBUG: Client chose option #10
(yahav) DEBUG: Client chose N/A option
(fileserver, ID: 4) INFO: File sent successfully
(fileserver, ID: 5) INFO: Connected by ('192.168.1.137', 61145)
(yahav) INFO: Connected to server: 192.168.1.224
(fileserver, ID: 5) INFO: Client host connected: local
(fileserver, ID: 5) INFO: _______________NEW CONNECTION: yahav; COMMAND: REQUEST hello; ID: 5______________
(fileserver, ID: 5) DEBUG: Connecting to LDAP server: ldap://yahav.yahavfileserver.home
(fileserver, ID: 5) INFO: Successfully connected to LDAP server: ldap://yahav.yahavfileserver.home
(fileserver, ID: 5) INFO: Client recognized in LDAP server
(fileserver, ID: 5) DEBUG: verifying permissions for client YAHAV...
(fileserver, ID: 5) DEBUG: Searching for client in LDAP server...
(fileserver, ID: 5) DEBUG: Scanning for YAHAV's group membership...
(fileserver, ID: 5) DEBUG: YAHAV is a member of the Administrators security group
(fileserver, ID: 5) DEBUG: Initiating connection with DC for authorization...
(DC) INFO: Connected by ('192.168.1.224', 47782)
(DC, ID: 5) INFO: Administrators has permissions 0xf01bf. Has read access: True, has write access: True.
(DC, ID: 5) INFO: Authentication concluded. Result: 1
(fileserver, ID: 5) DEBUG: Received message from DC: AUTHS
(fileserver, ID: 5) INFO: Client YAHAV is authorized.
(fileserver, ID: 5) DEBUG: server -> YAHAV: AUTHSUCCESS
(yahav) DEBUG: Received authorization from server
(fileserver, ID: 5) DEBUG: server -> YAHAV: READY
(fileserver, ID: 5) DEBUG: Searching directory: /home/fileserver/server-code/../files. Search keyword is: hello
(yahav) DEBUG: Received message from server: READY
(yahav) DEBUG: Waiting for server search results...
(fileserver, ID: 5) INFO: Search for keyword hello successful, server returned 10 options.
(fileserver, ID: 5) DEBUG: server -> YAHAV: OPTIONS
(yahav) DEBUG: Received message from server: OPTIONS
(yahav) DEBUG: Results received.
(yahav) DEBUG: Waiting for client choice...
(yahav) DEBUG: Client chose option #8
(yahav) DEBUG: Checking if result is a file or directory...
(yahav) DEBUG: Is a file
(fileserver, ID: 5) INFO: File sent successfully
(yahav) INFO: File received successfully
